// Jest Snapshot v1, https://goo.gl/fbAQLP

exports[`Pet Component should render pet text with props 1`] = `ShallowWrapper {}`;
