// Jest Snapshot v1, https://goo.gl/fbAQLP

exports[`Title Component it should render h1 1`] = `ShallowWrapper {}`;
